{
  "exclude_regex": null,
  "generated_at": "2018-06-25T01:28:59Z",
  "plugins_used": [
    {
      "limit": 4.5,
      "name": "Base64HighEntropyString"
    },
    {
      "limit": 3,
      "name": "HexHighEntropyString"
    },
    {
      "name": "PrivateKeyDetector"
    }
  ],
  "results": {}
}
